// Jest Snapshot v1, https://goo.gl/fbAQLP

exports[`Pruebas en page <SearchPage /> Debe de mostrarse correctamente con los valores por defecto 1`] = `
<div>
  <h1>
    Buscador de heróes
  </h1>
  <hr />
  <div
    class="row"
  >
    <div
      class="col-12 col-sm-5"
    >
      <h2>
        Buscando
      </h2>
      <hr />
      <form
        data-testid="form"
      >
        <input
          autocomplete="off"
          class="form-control"
          name="searchText"
          placeholder="Buscar heroe"
          type="text"
          value=""
        />
        <button
          class="btn btn-outline-primary mt-1"
          type="submit"
        >
          Buscar
        </button>
      </form>
    </div>
    <div
      class="col-12 col-sm-7"
    >
      <h2>
        Results
      </h2>
      <hr />
      <div
        class="alert alert-primary animate__animated animate__fadeIn"
        style="display: block;"
      >
        Buscar un heroe
      </div>
      <div
        class="alert alert-danger animate__animated animate__fadeIn"
        data-testid="alert-danger"
        style="display: none;"
      >
        No se encontró el heroe 
        <strong />
      </div>
    </div>
  </div>
</div>
`;
